// Jest Snapshot v1, https://goo.gl/fbAQLP

exports[`"implementation" option should throw error when unresolved package: errors 1`] = `
[
  "ModuleBuildError: Module build failed (from \`replaced original path\`):
Error: The Less implementation "unresolved" not found",
  "ModuleError: Module Error (from \`replaced original path\`):
(Emitted value instead of an instance of Error) Error: Cannot find module 'unresolved' from 'src/utils.js'",
]
`;

exports[`"implementation" option should throw error when unresolved package: warnings 1`] = `[]`;

exports[`"implementation" option should work when implementation option is string: css 1`] = `
".box {
  color: #fe33ac;
  border-color: #fdcdea;
  background: url(box.png);
}
.box div {
  -webkit-box-shadow: 0 0 5px rgba(0, 0, 0, 0.3);
  box-shadow: 0 0 5px rgba(0, 0, 0, 0.3);
}
"
`;

exports[`"implementation" option should work when implementation option is string: errors 1`] = `[]`;

exports[`"implementation" option should work when implementation option is string: warnings 1`] = `[]`;

exports[`"implementation" option should work: css 1`] = `
".box {
  color: #fe33ac;
  border-color: #fdcdea;
  background: url(box.png);
}
.box div {
  -webkit-box-shadow: 0 0 5px rgba(0, 0, 0, 0.3);
  box-shadow: 0 0 5px rgba(0, 0, 0, 0.3);
}
"
`;

exports[`"implementation" option should work: errors 1`] = `[]`;

exports[`"implementation" option should work: warnings 1`] = `[]`;
