// Jest Snapshot v1, https://goo.gl/fbAQLP

exports[`prependData option should work prepend data as function: css 1`] = `
".background {
  color: coral;
}
"
`;

exports[`prependData option should work prepend data as function: errors 1`] = `Array []`;

exports[`prependData option should work prepend data as function: warnings 1`] = `Array []`;

exports[`prependData option should work prepend data as string: css 1`] = `
".background {
  color: coral;
}
"
`;

exports[`prependData option should work prepend data as string: errors 1`] = `Array []`;

exports[`prependData option should work prepend data as string: warnings 1`] = `Array []`;
